src/components/discovery/BlurredVideoPlayer.tsx(3,35): error TS6133: 'Clock' is declared but its value is never read.
src/components/discovery/BlurredVideoPlayer.tsx(12,68): error TS6133: 'createdAt' is declared but its value is never read.
src/components/kitchen/SharedProfileView.tsx(1,10): error TS6133: 'UserCircle' is declared but its value is never read.
src/components/kitchen/SharedProfileView.tsx(1,30): error TS6133: 'Heart' is declared but its value is never read.
src/components/messages/DecisionActionSheet.tsx(1,1): error TS6133: 'useState' is declared but its value is never read.
src/components/messages/DecisionActionSheet.tsx(2,18): error TS6133: 'AnimatePresence' is declared but its value is never read.
src/pages/KitchenTable.tsx(267,95): error TS6133: 'arr' is declared but its value is never read.
