src/components/kitchen/FamilyChatRoom.tsx(2,23): error TS6133: 'UserCircle2' is declared but its value is never read.
src/components/kitchen/FamilyChatRoom.tsx(2,36): error TS6133: 'CheckCircle2' is declared but its value is never read.
src/components/kitchen/SharedProfileView.tsx(1,10): error TS6133: 'UserCircle' is declared but its value is never read.
src/components/kitchen/SharedProfileView.tsx(1,30): error TS6133: 'Heart' is declared but its value is never read.
src/components/messages/DecisionActionSheet.tsx(1,1): error TS6133: 'useState' is declared but its value is never read.
src/components/messages/DecisionActionSheet.tsx(2,18): error TS6133: 'AnimatePresence' is declared but its value is never read.
src/pages/Messages.tsx(16,11): error TS6133: 'chatId' is declared but its value is never read.
